
Memory Configuration

Name             Origin             Length             Attributes
flash            0x08000000         0x00020000         xr
sram             0x20000000         0x00005000         xrw
*default*        0x00000000         0xffffffff

Linker script and memory map


.text           0x08000000      0x14c
 *(.vectors*)
 .vectors       0x08000000       0x1c CortexM3_startup.o
                0x08000000                vectors
 *(.text*)
 .text          0x0800001c       0x90 CortexM3_startup.o
                0x0800001c                H_Fault_Handler
                0x0800001c                Default_Hundler
                0x0800001c                MM_Fault_Handler
                0x0800001c                Usage_Fault_Handler
                0x08000028                Reset_Hundler
 .text          0x080000ac       0x94 main.o
                0x080000ac                NMI_Handler
                0x080000b8                Bus_Fault
                0x080000c4                main
 *(.rodata*)
 .rodata        0x08000140        0xc main.o
                0x08000140                const_variavles
                0x0800014c                _E_TEXT = .

.glue_7         0x0800014c        0x0
 .glue_7        0x0800014c        0x0 linker stubs

.glue_7t        0x0800014c        0x0
 .glue_7t       0x0800014c        0x0 linker stubs

.vfp11_veneer   0x0800014c        0x0
 .vfp11_veneer  0x0800014c        0x0 linker stubs

.v4_bx          0x0800014c        0x0
 .v4_bx         0x0800014c        0x0 linker stubs

.iplt           0x0800014c        0x0
 .iplt          0x0800014c        0x0 CortexM3_startup.o

.rel.dyn        0x0800014c        0x0
 .rel.iplt      0x0800014c        0x0 CortexM3_startup.o

.data           0x20000000       0x10 load address 0x0800014c
                0x20000000                _S_DATA = .
 *(.data*)
 .data          0x20000000        0x0 CortexM3_startup.o
 .data          0x20000000       0x10 main.o
                0x20000000                R_ODR
                0x20000004                global_variables
                0x20000010                . = ALIGN (0x4)
                0x20000010                _E_DATA = .

.igot.plt       0x20000010        0x0 load address 0x0800015c
 .igot.plt      0x20000010        0x0 CortexM3_startup.o

.bss            0x20000010     0x1000 load address 0x0800015c
                0x20000010                _S_BSS = .
 *(.bss*)
 .bss           0x20000010        0x0 CortexM3_startup.o
 .bss           0x20000010        0x0 main.o
                0x20000010                . = ALIGN (0x4)
                0x20000010                _E_BSS = .
                0x20000010                . = ALIGN (0x4)
                0x20001010                . = (. + 0x1000)
 *fill*         0x20000010     0x1000 
                0x20001010                _STACK_TOP = .
LOAD CortexM3_startup.o
LOAD main.o
OUTPUT(Embedded_C_Lesson_3_Lab_2.elf elf32-littlearm)

.debug_info     0x00000000      0x36e
 .debug_info    0x00000000      0x19e CortexM3_startup.o
 .debug_info    0x0000019e      0x1d0 main.o

.debug_abbrev   0x00000000      0x1e7
 .debug_abbrev  0x00000000       0xd6 CortexM3_startup.o
 .debug_abbrev  0x000000d6      0x111 main.o

.debug_loc      0x00000000      0x13c
 .debug_loc     0x00000000       0x7c CortexM3_startup.o
 .debug_loc     0x0000007c       0xc0 main.o

.debug_aranges  0x00000000       0x40
 .debug_aranges
                0x00000000       0x20 CortexM3_startup.o
 .debug_aranges
                0x00000020       0x20 main.o

.debug_line     0x00000000       0xf4
 .debug_line    0x00000000       0x86 CortexM3_startup.o
 .debug_line    0x00000086       0x6e main.o

.debug_str      0x00000000      0x236
 .debug_str     0x00000000      0x1c2 CortexM3_startup.o
                                0x1e9 (size before relaxing)
 .debug_str     0x000001c2       0x74 main.o
                                0x1cc (size before relaxing)

.comment        0x00000000       0x7e
 .comment       0x00000000       0x7e CortexM3_startup.o
                                 0x7f (size before relaxing)
 .comment       0x0000007e       0x7f main.o

.ARM.attributes
                0x00000000       0x33
 .ARM.attributes
                0x00000000       0x33 CortexM3_startup.o
 .ARM.attributes
                0x00000033       0x33 main.o

.debug_frame    0x00000000       0xbc
 .debug_frame   0x00000000       0x50 CortexM3_startup.o
 .debug_frame   0x00000050       0x6c main.o
